// Jest Snapshot v1, https://goo.gl/fbAQLP

exports[`tests to <CounterApp /> mirar si carga el componente correactamente 1`] = `
<Fragment>
  <h1>
    CounterApp
  </h1>
  <h2>
    10
  </h2>
  <button
    onClick={[Function]}
  >
    +
  </button>
  <button
    onClick={[Function]}
  >
    -
  </button>
  <button
    onClick={[Function]}
  >
    Reset
  </button>
</Fragment>
`;
